EN procesador NULL C:/Users/eps/Desktop/arqo1BUENO/procesador.vhd sub00/vhpl06 1413995250
AR procesador procesador_arq C:/Users/eps/Desktop/arqo1BUENO/procesador.vhd sub00/vhpl07 1413995251
EN registros NULL C:/Users/eps/Desktop/arqo1BUENO/registros.vhd sub00/vhpl00 1413995244
AR control uc C:/Users/eps/Desktop/arqo1BUENO/control.vhd sub00/vhpl05 1413995249
AR alu compleja C:/Users/eps/Desktop/arqo1BUENO/ALU.vhd sub00/vhpl03 1413995247
EN control NULL C:/Users/eps/Desktop/arqo1BUENO/control.vhd sub00/vhpl04 1413995248
AR registros practica C:/Users/eps/Desktop/arqo1BUENO/registros.vhd sub00/vhpl01 1413995245
EN alu NULL C:/Users/eps/Desktop/arqo1BUENO/ALU.vhd sub00/vhpl02 1413995246
