EN procesador NULL C:/Users/eps/Desktop/arqo1/procesador.vhd sub00/vhpl06 1412615444
AR procesador procesador_arq C:/Users/eps/Desktop/arqo1/procesador.vhd sub00/vhpl07 1412615445
EN registros NULL C:/Users/eps/Desktop/arqo1/registros.vhd sub00/vhpl00 1412615438
AR control uc C:/Users/eps/Desktop/arqo1/control.vhd sub00/vhpl05 1412615443
AR alu compleja C:/Users/eps/Desktop/arqo1/ALU.vhd sub00/vhpl03 1412615441
EN control NULL C:/Users/eps/Desktop/arqo1/control.vhd sub00/vhpl04 1412615442
AR registros practica C:/Users/eps/Desktop/arqo1/registros.vhd sub00/vhpl01 1412615439
EN alu NULL C:/Users/eps/Desktop/arqo1/ALU.vhd sub00/vhpl02 1412615440
