EN procesador NULL C:/Users/eps/Desktop/arqo1BUENO/procesador.vhd sub00/vhpl06 1412761323
AR procesador procesador_arq C:/Users/eps/Desktop/arqo1BUENO/procesador.vhd sub00/vhpl07 1412761324
EN registros NULL C:/Users/eps/Desktop/arqo1BUENO/registros.vhd sub00/vhpl00 1412761317
AR control uc C:/Users/eps/Desktop/arqo1BUENO/control.vhd sub00/vhpl05 1412761322
AR alu compleja C:/Users/eps/Desktop/arqo1BUENO/ALU.vhd sub00/vhpl03 1412761320
EN control NULL C:/Users/eps/Desktop/arqo1BUENO/control.vhd sub00/vhpl04 1412761321
AR registros practica C:/Users/eps/Desktop/arqo1BUENO/registros.vhd sub00/vhpl01 1412761318
EN alu NULL C:/Users/eps/Desktop/arqo1BUENO/ALU.vhd sub00/vhpl02 1412761319
