EN procesador NULL C:/Users/eps/Desktop/arqo1BUENO/procesador.vhd sub00/vhpl06 1413456613
AR procesador procesador_arq C:/Users/eps/Desktop/arqo1BUENO/procesador.vhd sub00/vhpl07 1413456614
EN registros NULL C:/Users/eps/Desktop/arqo1BUENO/registros.vhd sub00/vhpl00 1413456607
AR control uc C:/Users/eps/Desktop/arqo1BUENO/control.vhd sub00/vhpl05 1413456612
AR alu compleja C:/Users/eps/Desktop/arqo1BUENO/ALU.vhd sub00/vhpl03 1413456610
EN control NULL C:/Users/eps/Desktop/arqo1BUENO/control.vhd sub00/vhpl04 1413456611
AR registros practica C:/Users/eps/Desktop/arqo1BUENO/registros.vhd sub00/vhpl01 1413456608
EN alu NULL C:/Users/eps/Desktop/arqo1BUENO/ALU.vhd sub00/vhpl02 1413456609
