AR alu compleja C:/Users/eps/Desktop/arqo1/ALU.vhd sub00/vhpl03 1412787245
EN procesador NULL C:/Users/eps/Desktop/arqo1/procesador.vhd sub00/vhpl06 1412787248
EN registros NULL C:/Users/eps/Desktop/arqo1/registros.vhd sub00/vhpl00 1412787242
AR registros practica C:/Users/eps/Desktop/arqo1/registros.vhd sub00/vhpl01 1412787243
AR control uc C:/Users/eps/Desktop/arqo1/control.vhd sub00/vhpl05 1412787247
EN control NULL C:/Users/eps/Desktop/arqo1/control.vhd sub00/vhpl04 1412787246
AR procesador procesador_arq C:/Users/eps/Desktop/arqo1/procesador.vhd sub00/vhpl07 1412787249
EN alu NULL C:/Users/eps/Desktop/arqo1/ALU.vhd sub00/vhpl02 1412787244
