EN procesador NULL C:/Users/eps/Desktop/arqo1BUENO/procesador.vhd sub00/vhpl06 1412865816
AR procesador procesador_arq C:/Users/eps/Desktop/arqo1BUENO/procesador.vhd sub00/vhpl07 1412865817
EN registros NULL C:/Users/eps/Desktop/arqo1BUENO/registros.vhd sub00/vhpl00 1412865810
AR control uc C:/Users/eps/Desktop/arqo1BUENO/control.vhd sub00/vhpl05 1412865815
AR alu compleja C:/Users/eps/Desktop/arqo1BUENO/ALU.vhd sub00/vhpl03 1412865813
EN control NULL C:/Users/eps/Desktop/arqo1BUENO/control.vhd sub00/vhpl04 1412865814
AR registros practica C:/Users/eps/Desktop/arqo1BUENO/registros.vhd sub00/vhpl01 1412865811
EN alu NULL C:/Users/eps/Desktop/arqo1BUENO/ALU.vhd sub00/vhpl02 1412865812
